<html>
<body>
<pre>
<h1>µVision Build Log</h1>
<h2>Tool Versions:</h2>
IDE-Version: ¶ÃVision V5.23.0.0
Copyright (C) 2017 ARM Ltd and ARM Germany GmbH. All rights reserved.
License Information: name name, name, LIC=WHY63-ACCIK-Q0TNJ-UQ0VQ-NF08X-B1IUP
 
Tool Versions:
Toolchain:       MDK-ARM Plus  Version: 5.23
Toolchain Path:  F:\Keil_v5\ARM\ARMCC\Bin
C Compiler:      Armcc.exe V5.06 update 4 (build 422)
Assembler:       Armasm.exe V5.06 update 4 (build 422)
Linker/Locator:  ArmLink.exe V5.06 update 4 (build 422)
Library Manager: ArmAr.exe V5.06 update 4 (build 422)
Hex Converter:   FromElf.exe V5.06 update 4 (build 422)
CPU DLL:         SARMCM3.DLL V5.23
Dialog DLL:      DCM.DLL V1.15.0.0
Target DLL:      STLink\ST-LINKIII-KEIL_SWO.dll V2.0.18.0
Dialog DLL:      TCM.DLL V1.27.0.0
 
<h2>Project:</h2>
C:\Users\“πÀº”Í\Desktop\java_zuoye\qianrushi\¿∂—¿–°≥µ\LED.uvprojx
Project File Date:  01/16/2022

<h2>Output:</h2>
*** Using Compiler 'V5.06 update 4 (build 422)', folder: 'F:\Keil_v5\ARM\ARMCC\Bin'
Rebuild target 'Target 1'
compiling led.c...
compiling motor.c...
compiling delay.c...
compiling main.c...
.\Drivers\inc\motor.h(5): warning:  #1295-D: Deprecated declaration Go - give arg types
  void Go();
.\Drivers\inc\motor.h(6): warning:  #1295-D: Deprecated declaration Back - give arg types
  void Back();
.\Drivers\inc\motor.h(7): warning:  #1295-D: Deprecated declaration Left - give arg types
  void Left();
.\Drivers\inc\motor.h(8): warning:  #1295-D: Deprecated declaration Right - give arg types
  void Right();
.\Drivers\inc\motor.h(9): warning:  #1295-D: Deprecated declaration Stop - give arg types
  void Stop();
USER\main.c(21): warning:  #223-D: function "printf" declared implicitly
  			printf("Go");
USER\main.c(24): warning:  #223-D: function "printf" declared implicitly
  			printf("Back");
USER\main.c(27): warning:  #223-D: function "printf" declared implicitly
  			printf("Left");
USER\main.c(30): warning:  #223-D: function "printf" declared implicitly
  			printf("Right");
USER\main.c(33): warning:  #223-D: function "printf" declared implicitly
  			printf("Stop");
USER\main.c: 10 warnings, 0 errors
compiling usart.c...
compiling stm32f10x_gpio.c...
compiling misc.c...
assembling startup_stm32f10x_md.s...
compiling stm32f10x_rcc.c...
compiling stm32f10x_usart.c...
compiling system_stm32f10x.c...
linking...
Program Size: Code=2060 RO-data=268 RW-data=48 ZI-data=1024  
".\Objects\Template.axf" - 0 Error(s), 10 Warning(s).

<h2>Software Packages used:</h2>

Package Vendor: ARM
                http://www.keil.com/pack/ARM.CMSIS.5.0.1.pack
                ARM::CMSIS:CORE:5.0.1
                CMSIS (Cortex Microcontroller Software Interface Standard)
   * Component: CORE Version: 5.0.1

Package Vendor: Keil
                http://www.keil.com/pack/Keil.STM32F1xx_DFP.2.2.0.pack
                Keil::Device:StdPeriph Drivers:Framework:3.5.1
                STMicroelectronics STM32F1 Series Device Support, Drivers and Examples
   * Component: Framework Version: 3.5.1
   * Component: Startup Version: 1.0.0
   * Component: RCC Version: 3.5.0
   * Component: USART Version: 3.5.0
   * Component: GPIO Version: 3.5.0

<h2>Collection of Component include folders:</h2>
  .\RTE\Device\STM32F103C8
  .\RTE\_Target_1
  F:\Keil_v5\ARM\PACK\ARM\CMSIS\5.0.1\CMSIS\Include
  F:\Keil_v5\ARM\PACK\Keil\STM32F1xx_DFP\2.2.0\Device\Include
  F:\Keil_v5\ARM\PACK\Keil\STM32F1xx_DFP\2.2.0\Device\StdPeriph_Driver\inc

<h2>Collection of Component Files used:</h2>

   * Component: ARM::CMSIS:CORE:5.0.1

   * Component: Keil::Device:StdPeriph Drivers:Framework:3.5.1
      Source file:   Device\StdPeriph_Driver\src\misc.c
      Source file:   Device\StdPeriph_Driver\templates\stm32f10x_it.c
      Include file:  Device\StdPeriph_Driver\templates\stm32f10x_it.h
      Include file:  Device\StdPeriph_Driver\inc\misc.h
      Source file:   Device\StdPeriph_Driver\templates\stm32f10x_conf.h

   * Component: Keil::Device:Startup:1.0.0
      Source file:   Device\Source\ARM\STM32F1xx_OPT.s
      Source file:   Device\Source\ARM\startup_stm32f10x_md.s
      Source file:   Device\Source\system_stm32f10x.c
      Include file:  RTE_Driver\Config\RTE_Device.h

   * Component: Keil::Device:StdPeriph Drivers:RCC:3.5.0
      Include file:  Device\StdPeriph_Driver\inc\stm32f10x_rcc.h
      Source file:   Device\StdPeriph_Driver\src\stm32f10x_rcc.c

   * Component: Keil::Device:StdPeriph Drivers:USART:3.5.0
      Include file:  Device\StdPeriph_Driver\inc\stm32f10x_usart.h
      Source file:   Device\StdPeriph_Driver\src\stm32f10x_usart.c

   * Component: Keil::Device:StdPeriph Drivers:GPIO:3.5.0
      Include file:  Device\StdPeriph_Driver\inc\stm32f10x_gpio.h
      Source file:   Device\StdPeriph_Driver\src\stm32f10x_gpio.c
Build Time Elapsed:  00:00:03
</pre>
</body>
</html>
